// Jest Snapshot v1, https://goo.gl/fbAQLP

exports[`TodoApp Should render TodoApp component 1`] = `
<div>
  <h1>
    TodoApp ( 
    3
     ) 
  </h1>
  <hr />
  <div
    className="row"
  >
    <div
      className="col-7"
    >
      <TodoList
        handleDelete={[Function]}
        handleToggle={[Function]}
        todos={
          Array [
            Object {
              "desc": "t1",
              "done": false,
              "id": 1,
            },
            Object {
              "desc": "t2",
              "done": false,
              "id": 2,
            },
            Object {
              "desc": "t3",
              "done": true,
              "id": 3,
            },
          ]
        }
      />
    </div>
    <div
      className="col-5"
    >
      <TodoAdd
        handleAddTodo={[Function]}
      />
    </div>
  </div>
</div>
`;
