// Jest Snapshot v1, https://goo.gl/fbAQLP

exports[`HomeScreen Should render HomeScreen 1`] = `
<div>
  <h1>
     Home Screen 
  </h1>
  <hr />
  <pre>
    {
   "name": "rabindranath",
   "email": "test@gmail.com"
}
  </pre>
</div>
`;
